2026-04-16 15:32:42.886 13558-13610 VRI[Pop-up...w]@7afaa01 com.jarvis.assistant                 I  mWNT: t=0xb400007835933310 mBlastBufferQueue=0xb4000077859f2c40 fn= 3 HdrRenderState mRenderHdrSdrRatio=1.0 caller= android.view.ViewRootImpl$12.onFrameDraw:15441 android.view.ThreadedRenderer$1.onFrameDraw:718 <bottom of call stack> 
2026-04-16 15:32:42.886 13558-13610 VRI[Pop-up...w]@7afaa01 com.jarvis.assistant                 I  Setting up sync and frameCommitCallback
2026-04-16 15:32:42.886 13558-13598 qdgralloc               com.jarvis.assistant                 W  getInterlacedFlag: getMetaData returned 3, defaulting to interlaced_flag = 0
2026-04-16 15:32:42.891 13558-13598 VRI[Pop-up...w]@7afaa01 com.jarvis.assistant                 I  Received frameCommittedCallback lastAttemptedDrawFrameNum=3 didProduceBuffer=true
2026-04-16 15:32:42.892 13558-13558 VRI[Pop-up...w]@7afaa01 com.jarvis.assistant                 D  reportDrawFinished seqId=0
2026-04-16 15:32:43.005 13558-13598 qdgralloc               com.jarvis.assistant                 W  getInterlacedFlag: getMetaData returned 3, defaulting to interlaced_flag = 0
2026-04-16 15:32:43.024 13558-13558 BLASTBufferQueue_Java   com.jarvis.assistant                 I  update, w= 968 h= 1563 mName = VRI[Pop-up window]@7afaa01 mNativeObject= 0xb4000077859f2c40 sc.mNativeObject= 0xb4000076f5945190 format= -3 caller= android.view.ViewRootImpl.updateBlastSurfaceIfNeeded:3574 android.view.ViewRootImpl.relayoutWindow:11685 android.view.ViewRootImpl.performTraversals:4804 android.view.ViewRootImpl.doTraversal:3924 android.view.ViewRootImpl$TraversalRunnable.run:12903 android.view.Choreographer$CallbackRecord.run:1901 
2026-04-16 15:32:43.024 13558-13558 VRI[Pop-up...w]@7afaa01 com.jarvis.assistant                 I  Relayout returned: old=(42,221,926,1700) new=(42,221,926,1700) relayoutAsync=true req=(884,1479)0 dur=0 res=0x0 s={true 0xb4000078559e4da0} ch=false seqId=0
2026-04-16 15:32:43.024 13558-13558 VRI[Pop-up...w]@7afaa01 com.jarvis.assistant                 I  registerCallbackForPendingTransactions
2026-04-16 15:32:43.025 13558-13613 VRI[Pop-up...w]@7afaa01 com.jarvis.assistant                 I  mWNT: t=0xb4000078359303d0 mBlastBufferQueue=0xb4000077859f2c40 fn= 5 HdrRenderState mRenderHdrSdrRatio=1.0 caller= android.view.ViewRootImpl$10.onFrameDraw:6536 android.view.ViewRootImpl$4.onFrameDraw:2489 android.view.ThreadedRenderer$1.onFrameDraw:718 
2026-04-16 15:32:43.025 13558-13598 BLASTBufferQueue_Java   com.jarvis.assistant                 I  applyPendingTransactions, mName= VRI[Pop-up window]@7afaa01 mNativeObject= 0xb4000077859f2c40 frameNumber= 5 caller= android.view.ViewRootImpl$10.lambda$onFrameDraw$0:6550 android.view.ViewRootImpl$10.$r8$lambda$9Asgene6-vG9RkigzOD8vEb0AKc:0 android.view.ViewRootImpl$10$$ExternalSyntheticLambda0.onFrameCommit:0 android.view.ThreadedRenderer$1.lambda$onFrameDraw$0:730 android.view.ThreadedRenderer$1$$ExternalSyntheticLambda0.onFrameCommit:0 <bottom of call stack> 
2026-04-16 15:32:43.669 13558-13558 WakeWordDetector        com.jarvis.assistant                 D  Recognizer onError code=7
2026-04-16 15:32:44.349 13558-13558 VRI[MainAc...y]@d0fbbc9 com.jarvis.assistant                 I  handleResized, frames=ClientWindowFrames{frame=[0,0][968,2376] display=[0,0][968,2376] parentFrame=[0,0][0,0]} displayId=0 dragResizing=false compatScale=1.0 frameChanged=false attachedFrameChanged=false configChanged=false displayChanged=false compatScaleChanged=false dragResizingChanged=false
2026-04-16 15:32:44.350 13558-13558 VRI[Pop-up...w]@7afaa01 com.jarvis.assistant                 I  handleResized, frames=ClientWindowFrames{frame=[42,221][926,1700] display=[0,95][968,2250] parentFrame=[0,0][0,0] attachedFrame=[0,0][968,2376]} displayId=0 dragResizing=false compatScale=1.0 frameChanged=false attachedFrameChanged=false configChanged=false displayChanged=false compatScaleChanged=false dragResizingChanged=false
2026-04-16 15:32:44.738 13558-13558 VRI[Pop-up...w]@7afaa01 com.jarvis.assistant                 I  ViewPostIme pointer 0
2026-04-16 15:32:44.755 13558-13558 VRI[Pop-up...w]@7afaa01 com.jarvis.assistant                 I  call setFrameRateCategory for touch hint category=high hint, reason=touch, vri=VRI[Pop-up window]@7afaa01
2026-04-16 15:32:44.832 13558-13558 VRI[Pop-up...w]@7afaa01 com.jarvis.assistant                 I  ViewPostIme pointer 1
2026-04-16 15:32:44.916 13558-13558 BLASTBufferQueue_Java   com.jarvis.assistant                 I  update, w= 968 h= 1563 mName = VRI[Pop-up window]@7afaa01 mNativeObject= 0xb4000077859f2c40 sc.mNativeObject= 0xb4000076f5945190 format= -3 caller= android.view.ViewRootImpl.updateBlastSurfaceIfNeeded:3574 android.view.ViewRootImpl.relayoutWindow:11685 android.view.ViewRootImpl.performTraversals:4804 android.view.ViewRootImpl.doTraversal:3924 android.view.ViewRootImpl$TraversalRunnable.run:12903 android.view.Choreographer$CallbackRecord.run:1901 
2026-04-16 15:32:44.916 13558-13558 VRI[Pop-up...w]@7afaa01 com.jarvis.assistant                 I  Relayout returned: old=(42,221,926,1700) new=(42,221,926,1700) relayoutAsync=true req=(884,1479)0 dur=0 res=0x0 s={true 0xb4000078559e4da0} ch=false seqId=0
2026-04-16 15:32:44.930 13558-13558 VRI[Pop-up...w]@7afaa01 com.jarvis.assistant                 I  registerCallbackForPendingTransactions
2026-04-16 15:32:44.935 13558-13610 VRI[Pop-up...w]@7afaa01 com.jarvis.assistant                 I  mWNT: t=0xb400007835932890 mBlastBufferQueue=0xb4000077859f2c40 fn= 6 HdrRenderState mRenderHdrSdrRatio=1.0 caller= android.view.ViewRootImpl$10.onFrameDraw:6536 android.view.ViewRootImpl$4.onFrameDraw:2489 android.view.ThreadedRenderer$1.onFrameDraw:718 
2026-04-16 15:32:44.942 13558-13558 JarvisService           com.jarvis.assistant                 D  onStartCommand action=com.jarvis.assistant.ACTION_APPLY_VOICE
2026-04-16 15:32:44.942 13558-13558 JarvisService           com.jarvis.assistant                 D  onStartCommand action=com.jarvis.assistant.ACTION_TTS_TEST
2026-04-16 15:32:44.952 13558-13558 BLASTBufferQueue_Java   com.jarvis.assistant                 I  update, w= 968 h= 1563 mName = VRI[Pop-up window]@7afaa01 mNativeObject= 0xb4000077859f2c40 sc.mNativeObject= 0xb4000076f5945190 format= -3 caller= android.view.ViewRootImpl.updateBlastSurfaceIfNeeded:3574 android.view.ViewRootImpl.relayoutWindow:11685 android.view.ViewRootImpl.performTraversals:4804 android.view.ViewRootImpl.doTraversal:3924 android.view.ViewRootImpl$TraversalRunnable.run:12903 android.view.Choreographer$CallbackRecord.run:1901 
2026-04-16 15:32:44.952 13558-13558 VRI[Pop-up...w]@7afaa01 com.jarvis.assistant                 I  Relayout returned: old=(42,221,926,1700) new=(42,221,926,1700) relayoutAsync=true req=(884,1479)0 dur=0 res=0x0 s={true 0xb4000078559e4da0} ch=false seqId=0
2026-04-16 15:32:44.952 13558-13558 VRI[Pop-up...w]@7afaa01 com.jarvis.assistant                 I  registerCallbackForPendingTransactions
2026-04-16 15:32:44.952 13558-13613 VRI[Pop-up...w]@7afaa01 com.jarvis.assistant                 I  mWNT: t=0xb400007835aa0b90 mBlastBufferQueue=0xb4000077859f2c40 fn= 8 HdrRenderState mRenderHdrSdrRatio=1.0 caller= android.view.ViewRootImpl$10.onFrameDraw:6536 android.view.ViewRootImpl$4.onFrameDraw:2489 android.view.ThreadedRenderer$1.onFrameDraw:718 
2026-04-16 15:32:44.983 13558-13558 PiperTtsEngine          com.jarvis.assistant                 D  Piper TTS shut down
2026-04-16 15:32:44.983 13558-13558 TtsEngine               com.jarvis.assistant                 I  Starting Piper ONNX init for voice 'cori_local'
2026-04-16 15:32:44.983 13558-13558 JarvisRuntime           com.jarvis.assistant                 D  Voice applied: cori_local
2026-04-16 15:32:44.983 13558-13597 PiperTtsEngine          com.jarvis.assistant                 I  Loading Piper model from assets/tts/cori-high.onnx
2026-04-16 15:32:44.984 13558-13558 TtsEngine               com.jarvis.assistant                 D  Piper voice 'cori_local' already active — skipping reinit
2026-04-16 15:32:44.984 13558-13558 JarvisRuntime           com.jarvis.assistant                 D  Voice applied: cori_local
2026-04-16 15:32:44.989 13558-13597 PiperTtsEngine          com.jarvis.assistant                 D  Model already patched: /data/user/0/com.jarvis.assistant/files/tts/cori-high.onnx
2026-04-16 15:32:44.989 13558-13597 PiperTtsEngine          com.jarvis.assistant                 D  Model ready → /data/user/0/com.jarvis.assistant/files/tts/cori-high.onnx
2026-04-16 15:32:44.990 13558-13558 JarvisRuntime           com.jarvis.assistant                 D  Wake detection suppressed for sample playback
2026-04-16 15:32:44.990 13558-13558 WakeWordDetector        com.jarvis.assistant                 D  Stopping wake-word detection
2026-04-16 15:32:44.996 13558-13597 PiperTtsEngine          com.jarvis.assistant                 D  espeak-ng-data already extracted: /data/user/0/com.jarvis.assistant/files/espeak-ng-data
2026-04-16 15:32:45.002 13558-13597 sherpa-onnx             com.jarvis.assistant                 W  /home/runner/work/sherpa-onnx/sherpa-onnx/sherpa-onnx/jni/offline-tts.cc:operator():481
2026-04-16 15:32:45.002 13558-13597 sherpa-onnx             com.jarvis.assistant                 W  config:
                                                                                                    OfflineTtsConfig(model=OfflineTtsModelConfig(vits=OfflineTtsVitsModelConfig(model="/data/user/0/com.jarvis.assistant/files/tts/cori-high.onnx", lexicon="", tokens="/data/user/0/com.jarvis.assistant/files/tts/cori-high.onnx.json.tokens.txt", data_dir="/data/user/0/com.jarvis.assistant/files/espeak-ng-data", noise_scale=0.667, noise_scale_w=0.8, length_scale=1), matcha=OfflineTtsMatchaModelConfig(acoustic_model="", vocoder="", lexicon="", tokens="", data_dir="", noise_scale=1, length_scale=1), kokoro=OfflineTtsKokoroModelConfig(model="", voices="", tokens="", lexicon="", data_dir="", length_scale=1, lang=""), zipvoice=OfflineTtsZipvoiceModelConfig(tokens="", encoder="", decoder="", vocoder="", data_dir="", lexicon="", feat_scale=0.1, t_shift=0.5, target_rms=0.1, guidance_scale=1), kitten=OfflineTtsKittenModelConfig(model="", voices="", tokens="", data_dir="", length_scale=1), pocket=OfflineTtsPocketModelConfig(lm_flow="", lm_main="", encoder="", decoder="", text_conditioner="", vocab_json="", token_sco
2026-04-16 15:32:45.049 13558-13558 WindowManager           com.jarvis.assistant                 I  WindowManagerGlobal#removeView, ty=1002, view=androidx.compose.ui.window.PopupLayout{e8da3e8 V.E...... ......ID 0,0-884,1479 #1020002 android:id/content}, caller=android.view.WindowManagerGlobal.removeView:654 android.view.WindowManagerImpl.removeViewImmediate:216 androidx.compose.ui.window.PopupLayout.dismiss:792 
2026-04-16 15:32:45.049 13558-13558 WindowOnBackDispatcher  com.jarvis.assistant                 W  sendCancelIfRunning: isInProgress=false callback=android.view.ViewRootImpl$$ExternalSyntheticLambda16@4874371
2026-04-16 15:32:45.051 13558-13598 HWUI                    com.jarvis.assistant                 D  endAllActiveAnimators on 0xb400007855a2cdf0 (UnprojectedRipple) with handle 0xb4000076759818c0
2026-04-16 15:32:45.051 13558-13558 VRI[Pop-up...w]@7afaa01 com.jarvis.assistant                 I  dispatchDetachedFromWindow
2026-04-16 15:32:45.054 13558-13558 InputTransport          com.jarvis.assistant                 D  Input channel destroyed: '3bd5529', fd=150
2026-04-16 15:32:45.070 13558-13558 InsetsSourceConsumer    com.jarvis.assistant                 I  applyRequestedVisibilityToControl: visible=true, type=navigationBars, host=com.jarvis.assistant/com.jarvis.assistant.ui.MainActivity
2026-04-16 15:32:45.072 13558-13558 VRI[MainAc...y]@d0fbbc9 com.jarvis.assistant                 D  mThreadedRenderer.initializeIfNeeded()#2 mSurface={isValid=true 0xb40000785594cc40}
2026-04-16 15:32:45.072 13558-13558 InputMethodManagerUtils com.jarvis.assistant                 D  startInputInner - Id : 0
2026-04-16 15:32:45.072 13558-13558 InputMethodManager      com.jarvis.assistant                 I  startInputInner - IInputMethodManagerGlobalInvoker.startInputOrWindowGainedFocus
2026-04-16 15:32:45.074 13558-13558 VRI[MainAc...y]@d0fbbc9 com.jarvis.assistant                 I  handleResized, frames=ClientWindowFrames{frame=[0,0][968,2376] display=[0,0][968,2376] parentFrame=[0,0][0,0]} displayId=0 dragResizing=false compatScale=1.0 frameChanged=false attachedFrameChanged=false configChanged=false displayChanged=false compatScaleChanged=false dragResizingChanged=false
2026-04-16 15:32:45.074 13558-13558 InputMethodManager      com.jarvis.assistant                 I  handleMessage: setImeVisibility visible=false
2026-04-16 15:32:45.074 13558-13558 InsetsController        com.jarvis.assistant                 D  hide(ime(), fromIme=false)
2026-04-16 15:32:45.074 13558-13558 ImeTracker              com.jarvis.assistant                 I  com.jarvis.assistant:5d80146d: onCancelled at PHASE_CLIENT_ALREADY_HIDDEN
2026-04-16 15:32:45.075 13558-13636 InputTransport          com.jarvis.assistant                 D  Input channel constructed: 'ClientS', fd=150
2026-04-16 15:32:45.320 13558-13558 VRI[MainAc...y]@d0fbbc9 com.jarvis.assistant                 I  call setFrameRateCategory for touch hint category=no preference, reason=boost timeout, vri=VRI[MainActivity]@d0fbbc9
2026-04-16 15:32:46.566 13558-13597 sherpa-onnx             com.jarvis.assistant                 W  /home/runner/work/sherpa-onnx/sherpa-onnx/sherpa-onnx/csrc/offline-tts-vits-model.cc:Init:161
2026-04-16 15:32:46.566 13558-13597 sherpa-onnx             com.jarvis.assistant                 W  ---vits model---
                                                                                                    sample_rate=22050
                                                                                                    add_blank=1
                                                                                                    length_scale=1
                                                                                                    has_espeak=1
                                                                                                    n_speakers=1
                                                                                                    language=en
                                                                                                    noise_scale=0.667
                                                                                                    comment=piper
                                                                                                    model_type=vits
                                                                                                    noise_scale_w=0.8
                                                                                                    ----------input names----------
                                                                                                    0 input
                                                                                                    1 input_lengths
                                                                                                    2 scales
                                                                                                    ----------output names----------
                                                                                                    0 output
                                                                                                    
2026-04-16 15:32:46.570 13558-13597 PiperTtsEngine          com.jarvis.assistant                 I  Piper TTS ready — sample rate 22050 Hz (espeak-ng-data: /data/user/0/com.jarvis.assistant/files/espeak-ng-data)
2026-04-16 15:32:46.570 13558-13597 PiperTtsEngine          com.jarvis.assistant                 D  Synthesising: "Hi, I'm Jarvis. This is how I sound."
2026-04-16 15:32:46.570 13558-13597 sherpa-onnx             com.jarvis.assistant                 W  /home/runner/work/sherpa-onnx/sherpa-onnx/sherpa-onnx/csrc/offline-tts-vits-impl.h:Generate:156
2026-04-16 15:32:46.570 13558-13597 sherpa-onnx             com.jarvis.assistant                 W  GenerationConfig(silence_scale=0.2, speed=1, sid=0, num_steps=5, reference_audio_len=0, reference_sample_rate=0)
2026-04-16 15:32:46.570 13558-13597 sherpa-onnx             com.jarvis.assistant                 W  /home/runner/work/sherpa-onnx/sherpa-onnx/sherpa-onnx/csrc/offline-tts-vits-impl.h:Generate:203
2026-04-16 15:32:46.570 13558-13597 sherpa-onnx             com.jarvis.assistant                 W  Raw text: Hi, I'm Jarvis. This is how I sound.
2026-04-16 15:32:46.616 13558-13597 libc++abi               com.jarvis.assistant                 E  terminating due to uncaught exception of type std::runtime_error: Failed to set eSpeak-ng voice
2026-04-16 15:32:46.617 13558-13597 libc                    com.jarvis.assistant                 A  Fatal signal 6 (SIGABRT), code -1 (SI_QUEUE) in tid 13597 (DefaultDispatch), pid 13558 (arvis.assistant)
2026-04-16 15:32:46.874 13558-13558 InsetsSourceConsumer    com.jarvis.assistant                 I  applyRequestedVisibilityToControl: visible=true, type=statusBars, host=com.jarvis.assistant/com.jarvis.assistant.ui.MainActivity
2026-04-16 15:32:47.117 13558-13558 VRI[MainAc...y]@d0fbbc9 com.jarvis.assistant                 I  ViewPostIme key 0
2026-04-16 15:32:47.153 13558-13558 VRI[MainAc...y]@d0fbbc9 com.jarvis.assistant                 I  ViewPostIme key 1
2026-04-16 15:32:47.392 13902-13902 DEBUG                   crash_dump64                         A  Cmdline: com.jarvis.assistant
2026-04-16 15:32:47.392 13902-13902 DEBUG                   crash_dump64                         A  pid: 13558, tid: 13597, name: DefaultDispatch  >>> com.jarvis.assistant <<<
2026-04-16 15:32:47.393 13902-13902 DEBUG                   crash_dump64                         A        #01 pc 000000000012f45c  /data/app/~~cltW6cMg8lODP4zr-1aZFA==/com.jarvis.assistant-ALeeJ7cf14PXUjWcJVj_BA==/lib/arm64/libsherpa-onnx-jni.so (BuildId: c6dd7c0759e9d2d41a31681ccac12e5e7a6d69d9)
2026-04-16 15:32:47.393 13902-13902 DEBUG                   crash_dump64                         A        #02 pc 000000000012efa8  /data/app/~~cltW6cMg8lODP4zr-1aZFA==/com.jarvis.assistant-ALeeJ7cf14PXUjWcJVj_BA==/lib/arm64/libsherpa-onnx-jni.so (BuildId: c6dd7c0759e9d2d41a31681ccac12e5e7a6d69d9)
2026-04-16 15:32:47.393 13902-13902 DEBUG                   crash_dump64                         A        #03 pc 000000000012ee7c  /data/app/~~cltW6cMg8lODP4zr-1aZFA==/com.jarvis.assistant-ALeeJ7cf14PXUjWcJVj_BA==/lib/arm64/libsherpa-onnx-jni.so (BuildId: c6dd7c0759e9d2d41a31681ccac12e5e7a6d69d9)
2026-04-16 15:32:47.393 13902-13902 DEBUG                   crash_dump64                         A        #04 pc 000000000014a184  /data/app/~~cltW6cMg8lODP4zr-1aZFA==/com.jarvis.assistant-ALeeJ7cf14PXUjWcJVj_BA==/lib/arm64/libsherpa-onnx-jni.so (BuildId: c6dd7c0759e9d2d41a31681ccac12e5e7a6d69d9)
2026-04-16 15:32:47.393 13902-13902 DEBUG                   crash_dump64                         A        #05 pc 000000000014a160  /data/app/~~cltW6cMg8lODP4zr-1aZFA==/com.jarvis.assistant-ALeeJ7cf14PXUjWcJVj_BA==/lib/arm64/libsherpa-onnx-jni.so (BuildId: c6dd7c0759e9d2d41a31681ccac12e5e7a6d69d9)
2026-04-16 15:32:47.393 13902-13902 DEBUG                   crash_dump64                         A        #06 pc 000000000041f794  /data/app/~~cltW6cMg8lODP4zr-1aZFA==/com.jarvis.assistant-ALeeJ7cf14PXUjWcJVj_BA==/lib/arm64/libsherpa-onnx-jni.so (BuildId: c6dd7c0759e9d2d41a31681ccac12e5e7a6d69d9)
2026-04-16 15:32:47.393 13902-13902 DEBUG                   crash_dump64                         A        #07 pc 00000000003a5838  /data/app/~~cltW6cMg8lODP4zr-1aZFA==/com.jarvis.assistant-ALeeJ7cf14PXUjWcJVj_BA==/lib/arm64/libsherpa-onnx-jni.so (BuildId: c6dd7c0759e9d2d41a31681ccac12e5e7a6d69d9)
2026-04-16 15:32:47.393 13902-13902 DEBUG                   crash_dump64                         A        #08 pc 00000000003a72c8  /data/app/~~cltW6cMg8lODP4zr-1aZFA==/com.jarvis.assistant-ALeeJ7cf14PXUjWcJVj_BA==/lib/arm64/libsherpa-onnx-jni.so (BuildId: c6dd7c0759e9d2d41a31681ccac12e5e7a6d69d9)
2026-04-16 15:32:47.393 13902-13902 DEBUG                   crash_dump64                         A        #09 pc 0000000000335244  /data/app/~~cltW6cMg8lODP4zr-1aZFA==/com.jarvis.assistant-ALeeJ7cf14PXUjWcJVj_BA==/lib/arm64/libsherpa-onnx-jni.so (BuildId: c6dd7c0759e9d2d41a31681ccac12e5e7a6d69d9)
2026-04-16 15:32:47.393 13902-13902 DEBUG                   crash_dump64                         A        #10 pc 00000000001883f8  /data/app/~~cltW6cMg8lODP4zr-1aZFA==/com.jarvis.assistant-ALeeJ7cf14PXUjWcJVj_BA==/lib/arm64/libsherpa-onnx-jni.so (Java_com_k2fsa_sherpa_onnx_OfflineTts_generateImpl+304) (BuildId: c6dd7c0759e9d2d41a31681ccac12e5e7a6d69d9)
2026-04-16 15:32:47.393 13902-13902 DEBUG                   crash_dump64                         A        #17 pc 000000000000c2a8  /data/data/com.jarvis.assistant/code_cache/.overlay/base.apk/classes10.dex (com.k2fsa.sherpa.onnx.OfflineTts.generate+0)
2026-04-16 15:32:47.393 13902-13902 DEBUG                   crash_dump64                         A        #22 pc 0000000000009a84  /data/data/com.jarvis.assistant/code_cache/.overlay/base.apk/classes8.dex (com.jarvis.assistant.audio.PiperTtsEngine$speak$2.invokeSuspend+0)
2026-04-16 15:32:47.393 13902-13902 DEBUG                   crash_dump64                         A        #32 pc 000000000395545c  /data/app/~~cltW6cMg8lODP4zr-1aZFA==/com.jarvis.assistant-ALeeJ7cf14PXUjWcJVj_BA==/oat/arm64/base.vdex (kotlinx.coroutines.scheduling.CoroutineScheduler.runSafely+0)
2026-04-16 15:32:47.393 13902-13902 DEBUG                   crash_dump64                         A        #37 pc 0000000003953f3c  /data/app/~~cltW6cMg8lODP4zr-1aZFA==/com.jarvis.assistant-ALeeJ7cf14PXUjWcJVj_BA==/oat/arm64/base.vdex (kotlinx.coroutines.scheduling.CoroutineScheduler$Worker.executeTask+0)
2026-04-16 15:32:47.393 13902-13902 DEBUG                   crash_dump64                         A        #42 pc 00000000039540b0  /data/app/~~cltW6cMg8lODP4zr-1aZFA==/com.jarvis.assistant-ALeeJ7cf14PXUjWcJVj_BA==/oat/arm64/base.vdex (kotlinx.coroutines.scheduling.CoroutineScheduler$Worker.runWorker+0)
2026-04-16 15:32:47.393 13902-13902 DEBUG                   crash_dump64                         A        #47 pc 0000000003954098  /data/app/~~cltW6cMg8lODP4zr-1aZFA==/com.jarvis.assistant-ALeeJ7cf14PXUjWcJVj_BA==/oat/arm64/base.vdex (kotlinx.coroutines.scheduling.CoroutineScheduler$Worker.run+0)
---------------------------- PROCESS ENDED (13558) for package com.jarvis.assistant ----------------------------
---------------------------- PROCESS STARTED (13979) for package com.jarvis.assistant ----------------------------
2026-04-16 15:32:50.491 13979-13979 nativeloader            com.jarvis.assistant                 D  Load libframework-connectivity-tiramisu-jni.so using APEX ns com_android_tethering for caller /apex/com.android.tethering/javalib/framework-connectivity-t.jar: ok
2026-04-16 15:32:50.495 13979-13979 ActivityThread          com.jarvis.assistant                 D  setConscryptValidator
2026-04-16 15:32:50.495 13979-13979 ActivityThread          com.jarvis.assistant                 D  setConscryptValidator - put
2026-04-16 15:32:50.506 13979-13979 nativeloader            com.jarvis.assistant                 D  Load /data/user/0/com.jarvis.assistant/code_cache/startup_agents/be2db1e1-agent.so using system ns (caller=<unknown>): ok
2026-04-16 15:32:50.510 13979-13979 arvis.assistant         com.jarvis.assistant                 W  hiddenapi: DexFile /data/data/com.jarvis.assistant/code_cache/.studio/instruments-0c0ed4d1.jar is in boot class path but is not in a known location
2026-04-16 15:32:50.590 13979-13979 arvis.assistant         com.jarvis.assistant                 W  Redefining intrinsic method java.lang.Thread java.lang.Thread.currentThread(). This may cause the unexpected use of the original definition of java.lang.Thread java.lang.Thread.currentThread()in methods that have already been compiled.
2026-04-16 15:32:50.590 13979-13979 arvis.assistant         com.jarvis.assistant                 W  Redefining intrinsic method boolean java.lang.Thread.interrupted(). This may cause the unexpected use of the original definition of boolean java.lang.Thread.interrupted()in methods that have already been compiled.
2026-04-16 15:32:50.595 13979-13979 CompatChangeReporter    com.jarvis.assistant                 D  Compat change id reported: 242716250; UID 10804; state: ENABLED
2026-04-16 15:32:50.605 13979-13979 arvis.assistant         com.jarvis.assistant                 W  ClassLoaderContext classpath size mismatch. expected=0, found=2 (PCL[] | PCL[/data/data/com.jarvis.assistant/code_cache/.overlay/base.apk/classes10.dex*506248875:/data/data/com.jarvis.assistant/code_cache/.overlay/base.apk/classes8.dex*1747859232])
2026-04-16 15:32:50.606 13979-13979 nativeloader            com.jarvis.assistant                 D  Configuring clns-9 for other apk /data/app/~~cltW6cMg8lODP4zr-1aZFA==/com.jarvis.assistant-ALeeJ7cf14PXUjWcJVj_BA==/base.apk. target_sdk_version=34, uses_libraries=, library_path=/data/app/~~cltW6cMg8lODP4zr-1aZFA==/com.jarvis.assistant-ALeeJ7cf14PXUjWcJVj_BA==/lib/arm64:/data/app/~~cltW6cMg8lODP4zr-1aZFA==/com.jarvis.assistant-ALeeJ7cf14PXUjWcJVj_BA==/base.apk!/lib/arm64-v8a, permitted_path=/data:/mnt/expand:/data/user/0/com.jarvis.assistant
2026-04-16 15:32:50.611 13979-13979 GraphicsEnvironment     com.jarvis.assistant                 V  Currently set values for:
2026-04-16 15:32:50.611 13979-13979 GraphicsEnvironment     com.jarvis.assistant                 V    angle_gl_driver_selection_pkgs=[]
2026-04-16 15:32:50.611 13979-13979 GraphicsEnvironment     com.jarvis.assistant                 V    angle_gl_driver_selection_values=[]
2026-04-16 15:32:50.611 13979-13979 GraphicsEnvironment     com.jarvis.assistant                 V  com.jarvis.assistant is not listed in per-application setting
2026-04-16 15:32:50.611 13979-13979 GraphicsEnvironment     com.jarvis.assistant                 V  ANGLE allowlist from config: 
2026-04-16 15:32:50.611 13979-13979 GraphicsEnvironment     com.jarvis.assistant                 V  com.jarvis.assistant is not listed in ANGLE allowlist or settings, returning default
2026-04-16 15:32:50.611 13979-13979 GraphicsEnvironment     com.jarvis.assistant                 V  App is not on the allowlist for updatable production driver.
2026-04-16 15:32:50.658 13979-13979 JarvisService           com.jarvis.assistant                 D  onCreate
2026-04-16 15:32:50.665 13979-13979 JarvisService           com.jarvis.assistant                 D  onStartCommand action=null
2026-04-16 15:32:50.666 13979-13979 JarvisService           com.jarvis.assistant                 D  Initializing JarvisRuntime on background thread...
2026-04-16 15:32:50.676 13979-13998 TextToSpeech            com.jarvis.assistant                 I  Create TextToSpeech : caller process id[13979] / name[com.jarvis.assistant] / target[null]
2026-04-16 15:32:50.678 13979-13998 ashmem                  com.jarvis.assistant                 E  Pinning is deprecated since Android Q. Please use trim or other methods.
2026-04-16 15:32:50.686 13979-13998 TextToSpeech            com.jarvis.assistant                 I  com.jarvis.assistant is not allowed to bind to private engine.
2026-04-16 15:32:50.688 13979-13998 TextToSpeech            com.jarvis.assistant                 I  getHighestRankedPublicEngineName = com.google.android.tts
2026-04-16 15:32:50.689 13979-13998 TextToSpeech            com.jarvis.assistant                 I  Sucessfully bound to com.google.android.tts
2026-04-16 15:32:50.690 13979-13994 TextToSpeech            com.jarvis.assistant                 I  Connected to TTS engine
2026-04-16 15:32:50.693 13979-14002 TextToSpeech            com.jarvis.assistant                 I  Setting up the connection to TTS engine...
2026-04-16 15:32:50.700 13979-13998 BluetoothAdapter        com.jarvis.assistant                 I  BluetoothAdapter() : com.jarvis.assistant
2026-04-16 15:32:50.701 13979-13998 JarvisRuntime           com.jarvis.assistant                 D  JarvisRuntime constructor complete
2026-04-16 15:32:50.701 13979-13998 JarvisRuntime           com.jarvis.assistant                 D  Starting intensive component initialization...
2026-04-16 15:32:50.719 13979-13998 JarvisRuntime           com.jarvis.assistant                 D  Intensive initialization complete in 18ms
2026-04-16 15:32:50.872 13979-13979 TtsEngine               com.jarvis.assistant                 D  TTS engine ready
2026-04-16 15:32:50.872 13979-13979 JarvisService           com.jarvis.assistant                 D  JarvisRuntime initialized in 206ms
2026-04-16 15:32:50.875 13979-13979 BluetoothAdapter        com.jarvis.assistant                 D  HEADSET connected
2026-04-16 15:32:50.876 13979-13979 TelephonyCallMonitor    com.jarvis.assistant                 W  READ_PHONE_STATE not granted — call monitoring disabled
2026-04-16 15:32:50.876 13979-13979 ProactiveEngine         com.jarvis.assistant                 D  Starting proactive polling (interval=10000ms)
2026-04-16 15:32:50.878 13979-13979 DrivingModeManager      com.jarvis.assistant                 D  DrivingModeManager started
2026-04-16 15:32:50.919 13979-14000 AudioSystem             com.jarvis.assistant                 D  onNewService: media.audio_policy service obtained 0xb4000076a59e1620
2026-04-16 15:32:50.919 13979-14000 AudioSystem             com.jarvis.assistant                 D  getService: checking for service media.audio_policy: 0xb4000076a59e1620
2026-04-16 15:32:50.922 13979-14000 ProactiveEngine         com.jarvis.assistant                 V  tick: no events generated
2026-04-16 15:32:50.956 13979-13979 TtsEngine               com.jarvis.assistant                 I  Starting Piper ONNX init for voice 'cori_local'
2026-04-16 15:32:50.957 13979-13979 StateMachine            com.jarvis.assistant                 D  ServiceStopped → IdleWake
2026-04-16 15:32:50.958 13979-14000 PiperTtsEngine          com.jarvis.assistant                 I  Loading Piper model from assets/tts/cori-high.onnx
2026-04-16 15:32:50.959 13979-13979 BluetoothScoManager     com.jarvis.assistant                 D  SCO state updated → active=false (raw=0)
2026-04-16 15:32:50.959 13979-14000 PiperTtsEngine          com.jarvis.assistant                 D  Model already patched: /data/user/0/com.jarvis.assistant/files/tts/cori-high.onnx
2026-04-16 15:32:50.959 13979-14000 PiperTtsEngine          com.jarvis.assistant                 D  Model ready → /data/user/0/com.jarvis.assistant/files/tts/cori-high.onnx
2026-04-16 15:32:50.964 13979-13979 BluetoothScoManager     com.jarvis.assistant                 D  Headset profile proxy acquired; devices=0
2026-04-16 15:32:50.965 13979-14000 PiperTtsEngine          com.jarvis.assistant                 D  espeak-ng-data already extracted: /data/user/0/com.jarvis.assistant/files/espeak-ng-data
2026-04-16 15:32:50.965 13979-13979 DrivingModeManager      com.jarvis.assistant                 V  SCO state changed: 0 — not used for driving detection
2026-04-16 15:32:50.969 13979-13979 WakeWordDetector        com.jarvis.assistant                 D  Starting wake-word detection loop
2026-04-16 15:32:50.970 13979-13998 MemoryWriter            com.jarvis.assistant                 D  Pruning complete
2026-04-16 15:32:50.973 13979-14000 libc                    com.jarvis.assistant                 W  Access denied finding property "ro.mediatek.platform"
2026-04-16 15:32:50.975 13979-13999 CurrentLocationProvider com.jarvis.assistant                 D  No location fix available
2026-04-16 15:32:50.978 13979-14000 nativeloader            com.jarvis.assistant                 D  Load /data/app/~~cltW6cMg8lODP4zr-1aZFA==/com.jarvis.assistant-ALeeJ7cf14PXUjWcJVj_BA==/lib/arm64/libsherpa-onnx-jni.so using class loader ns clns-9 (caller=/data/data/com.jarvis.assistant/code_cache/.overlay/base.apk/classes10.dex): ok
2026-04-16 15:32:50.979 13979-14000 sherpa-onnx             com.jarvis.assistant                 W  /home/runner/work/sherpa-onnx/sherpa-onnx/sherpa-onnx/jni/offline-tts.cc:operator():481
2026-04-16 15:32:50.979 13979-14000 sherpa-onnx             com.jarvis.assistant                 W  config:
                                                                                                    OfflineTtsConfig(model=OfflineTtsModelConfig(vits=OfflineTtsVitsModelConfig(model="/data/user/0/com.jarvis.assistant/files/tts/cori-high.onnx", lexicon="", tokens="/data/user/0/com.jarvis.assistant/files/tts/cori-high.onnx.json.tokens.txt", data_dir="/data/user/0/com.jarvis.assistant/files/espeak-ng-data", noise_scale=0.667, noise_scale_w=0.8, length_scale=1), matcha=OfflineTtsMatchaModelConfig(acoustic_model="", vocoder="", lexicon="", tokens="", data_dir="", noise_scale=1, length_scale=1), kokoro=OfflineTtsKokoroModelConfig(model="", voices="", tokens="", lexicon="", data_dir="", length_scale=1, lang=""), zipvoice=OfflineTtsZipvoiceModelConfig(tokens="", encoder="", decoder="", vocoder="", data_dir="", lexicon="", feat_scale=0.1, t_shift=0.5, target_rms=0.1, guidance_scale=1), kitten=OfflineTtsKittenModelConfig(model="", voices="", tokens="", data_dir="", length_scale=1), pocket=OfflineTtsPocketModelConfig(lm_flow="", lm_main="", encoder="", decoder="", text_conditioner="", vocab_json="", token_sco
2026-04-16 15:32:52.955 13979-14000 sherpa-onnx             com.jarvis.assistant                 W  /home/runner/work/sherpa-onnx/sherpa-onnx/sherpa-onnx/csrc/offline-tts-vits-model.cc:Init:161
2026-04-16 15:32:52.955 13979-14000 sherpa-onnx             com.jarvis.assistant                 W  ---vits model---
                                                                                                    sample_rate=22050
                                                                                                    add_blank=1
                                                                                                    length_scale=1
                                                                                                    has_espeak=1
                                                                                                    n_speakers=1
                                                                                                    language=en
                                                                                                    noise_scale=0.667
                                                                                                    comment=piper
                                                                                                    model_type=vits
                                                                                                    noise_scale_w=0.8
                                                                                                    ----------input names----------
                                                                                                    0 input
                                                                                                    1 input_lengths
                                                                                                    2 scales
                                                                                                    ----------output names----------
                                                                                                    0 output
                                                                                                    
2026-04-16 15:32:52.956 13979-14000 PiperTtsEngine          com.jarvis.assistant                 I  Piper TTS ready — sample rate 22050 Hz (espeak-ng-data: /data/user/0/com.jarvis.assistant/files/espeak-ng-data)
